........................................................................ [ 74%]
.........................                                                [100%]
============================== warnings summary ===============================
tests/test_auth_http.py::test_auth_login_admin_ok
tests/test_auth_migration.py::test_register_and_login
tests/test_auth_migration.py::test_register_and_login
tests/test_auth_migration.py::test_refresh_token
tests/test_auth_migration.py::test_refresh_token
tests/test_auth_migration.py::test_student_profile
tests/test_auth_migration.py::test_admin_users
tests/test_auth_migration.py::test_admin_users
  E:\projects\AiforForiegnLanguageLearning\backend_fastapi\app\infrastructure\security.py:49: DeprecationWarning: datetime.datetime.utcnow() is deprecated and scheduled for removal in a future version. Use timezone-aware objects to represent datetimes in UTC: datetime.datetime.now(datetime.UTC).
    expire = datetime.utcnow() + timedelta(minutes=ACCESS_TOKEN_EXPIRE_MINUTES)

tests/test_auth_http.py::test_auth_login_admin_ok
tests/test_auth_migration.py::test_register_and_login
tests/test_auth_migration.py::test_register_and_login
tests/test_auth_migration.py::test_refresh_token
tests/test_auth_migration.py::test_refresh_token
tests/test_auth_migration.py::test_student_profile
tests/test_auth_migration.py::test_admin_users
tests/test_auth_migration.py::test_admin_users
  E:\projects\AiforForiegnLanguageLearning\backend_fastapi\app\infrastructure\security.py:59: DeprecationWarning: datetime.datetime.utcnow() is deprecated and scheduled for removal in a future version. Use timezone-aware objects to represent datetimes in UTC: datetime.datetime.now(datetime.UTC).
    expire = datetime.utcnow() + timedelta(minutes=REFRESH_TOKEN_EXPIRE_MINUTES)

tests/test_auth_migration.py: 4 warnings
tests/test_compat_legacy_http.py: 1 warning
tests/test_context_store.py: 6 warnings
tests/test_essay_http.py: 10 warnings
tests/test_vocab_http.py: 3 warnings
tests/test_ws_echo.py: 2 warnings
tests/test_ws_essay_grade.py: 12 warnings
tests/test_ws_vocab_lookup.py: 12 warnings
tests/test_ws_voice_audio.py: 9 warnings
tests/test_ws_voice_audio_binary.py: 8 warnings
tests/test_ws_voice_audio_binary_replay_and_barge_in.py: 18 warnings
tests/test_ws_voice_barge_in.py: 9 warnings
tests/test_ws_voice_context_memory.py: 19 warnings
tests/test_ws_voice_tts_chunk.py: 11 warnings
  E:\projects\AiforForiegnLanguageLearning\backend_fastapi\.venv\Lib\site-packages\pydantic\fields.py:747: DeprecationWarning: datetime.datetime.utcnow() is deprecated and scheduled for removal in a future version. Use timezone-aware objects to represent datetimes in UTC: datetime.datetime.now(datetime.UTC).
    return fac()

tests/test_auth_migration.py::test_student_profile
  E:\projects\AiforForiegnLanguageLearning\backend_fastapi\app\application\db_student.py:26: DeprecationWarning: datetime.datetime.utcnow() is deprecated and scheduled for removal in a future version. Use timezone-aware objects to represent datetimes in UTC: datetime.datetime.now(datetime.UTC).
    now = datetime.utcnow()

tests/test_model_router_fallback.py::TestModelRouterFallback::test_all_endpoints_fail
  E:\projects\AiforForiegnLanguageLearning\backend_fastapi\app\model_router.py:349: RuntimeWarning: coroutine 'TestModelRouterFallback.test_all_endpoints_fail.<locals>.mock_call' was never awaited
    async for chunk in self._call_endpoint(endpoint, messages, stream, decision.temperature):
  Enable tracemalloc to get traceback where the object was allocated.
  See https://docs.pytest.org/en/stable/how-to/capture-warnings.html#resource-warnings for more info.

tests/test_retry_utils.py::TestWithRetryDecorator::test_async_decorator
tests/test_retry_utils.py::TestWithRetryDecorator::test_sync_decorator
  E:\projects\AiforForiegnLanguageLearning\backend_fastapi\app\retry_utils.py:229: DeprecationWarning: 'asyncio.iscoroutinefunction' is deprecated and slated for removal in Python 3.16; use inspect.iscoroutinefunction() instead
    if asyncio.iscoroutinefunction(func):

tests/test_srs_sm2.py::test_calculate_next_review_correct
tests/test_srs_sm2.py::test_calculate_next_review_incorrect
tests/test_srs_sm2.py::test_calculate_next_review_multiple_correct
tests/test_srs_sm2.py::test_calculate_next_review_multiple_correct
tests/test_srs_sm2.py::test_calculate_next_review_multiple_correct
tests/test_srs_sm2.py::test_calculate_next_review_multiple_correct
tests/test_srs_sm2.py::test_calculate_next_review_multiple_correct
  E:\projects\AiforForiegnLanguageLearning\backend_fastapi\app\domain\srs\sm2.py:20: DeprecationWarning: datetime.datetime.utcnow() is deprecated and scheduled for removal in a future version. Use timezone-aware objects to represent datetimes in UTC: datetime.datetime.now(datetime.UTC).
    now = datetime.utcnow()

tests/test_srs_sm2.py::test_calculate_next_review_correct
  E:\projects\AiforForiegnLanguageLearning\backend_fastapi\tests\test_srs_sm2.py:13: DeprecationWarning: datetime.datetime.utcnow() is deprecated and scheduled for removal in a future version. Use timezone-aware objects to represent datetimes in UTC: datetime.datetime.now(datetime.UTC).
    expected_min = datetime.utcnow() + timedelta(days=1) - timedelta(seconds=5)

tests/test_srs_sm2.py::test_calculate_next_review_incorrect
  E:\projects\AiforForiegnLanguageLearning\backend_fastapi\tests\test_srs_sm2.py:22: DeprecationWarning: datetime.datetime.utcnow() is deprecated and scheduled for removal in a future version. Use timezone-aware objects to represent datetimes in UTC: datetime.datetime.now(datetime.UTC).
    expected_min = datetime.utcnow() + timedelta(minutes=10) - timedelta(seconds=5)

-- Docs: https://docs.pytest.org/en/stable/how-to/capture-warnings.html
97 passed, 1 skipped, 1 deselected, 153 warnings in 153.53s (0:02:33)
